PRIVMSG sem ':' e com tem comportamento diferente
USER cadastra sem 0 * :
